---
source: crates/codegen/xai-grok-pager/src/app/status_blocks.rs
expression: text
---
Session usage (since start or last resume):
  Input tokens:   150 (0 cached)
  Output tokens:  15 (0 reasoning)
  Total tokens:   165
  Model calls:    1 · API time: 1.0s
  Cost:           not available (not reported)

  By model:
    grok-build: 110 Tokens
    grok-4: 55 Tokens
